// Jest Snapshot v1, https://goo.gl/fbAQLP

exports[`ForecastLayout Component should render with given props 1`] = `
<ForecastLayout
  woeid={2122265}
/>
`;
